
Memory Configuration

Name             Origin             Length             Attributes
*default*        0x0000000000000000 0xffffffffffffffff

Linker script and memory map

                0xffff8000ffff0000                . = 0xffff8000ffff0000

.text           0xffff8000ffff0000     0x1000 load address 0x00000000ffff0000
 *(.text .text.*)
 .text          0xffff8000ffff0000      0x15e main.o
                0xffff8000ffff0000                main
                0xffff8000ffff0121                Sleep
 .text          0xffff8000ffff015e       0x67 syscalls/syscall.o
                0xffff8000ffff015e                RaiseSysCall
 *fill*         0xffff8000ffff01c5        0xb 
 .text          0xffff8000ffff01d0        0x9 syscalls/syscall_asm.o
                0xffff8000ffff01d0                RaiseSysCallAsm
 *(.rodata .rodata.*)
 .rodata        0xffff8000ffff01d9       0x18 main.o
 .rodata        0xffff8000ffff01f1       0x1d syscalls/syscall.o
                0xffff8000ffff1000                . = ALIGN (0x1000)
 *fill*         0xffff8000ffff020e      0xdf2 

.eh_frame       0xffff8000ffff1000       0x90 load address 0x00000000ffff1000
 .eh_frame      0xffff8000ffff1000       0x58 main.o
 .eh_frame      0xffff8000ffff1058       0x38 syscalls/syscall.o

.data           0xffff8000ffff1090        0x0 load address 0x00000000ffff1090
 *(.data .data.*)
 .data          0xffff8000ffff1090        0x0 main.o
 .data          0xffff8000ffff1090        0x0 syscalls/syscall.o

.bss            0xffff8000ffff1090        0x0 load address 0x00000000ffff1090
 *(.bss .bss.*)
 .bss           0xffff8000ffff1090        0x0 main.o
 .bss           0xffff8000ffff1090        0x0 syscalls/syscall.o
LOAD main.o
LOAD syscalls/syscall.o
LOAD syscalls/syscall_asm.o
OUTPUT(prog1.bin binary)

.comment        0x0000000000000000       0x26
 .comment       0x0000000000000000       0x13 main.o
 .comment       0x0000000000000013       0x13 syscalls/syscall.o
